Drawable.hpp:121:18:virtual void touchgfx::Drawable::invalidateContent() const	0	static
Drawable.hpp:147:23:virtual touchgfx::Drawable* touchgfx::Drawable::getFirstChild()	0	static
Drawable.hpp:315:18:virtual void touchgfx::Drawable::setX(int16_t)	0	static
Drawable.hpp:327:18:virtual void touchgfx::Drawable::setY(int16_t)	0	static
Drawable.hpp:356:18:virtual void touchgfx::Drawable::setWidth(int16_t)	0	static
Drawable.hpp:368:18:virtual void touchgfx::Drawable::setHeight(int16_t)	0	static
Drawable.hpp:378:18:virtual void touchgfx::Drawable::childGeometryChanged()	0	static
Drawable.hpp:389:18:virtual void touchgfx::Drawable::handleClickEvent(const touchgfx::ClickEvent&)	0	static
Drawable.hpp:401:18:virtual void touchgfx::Drawable::handleGestureEvent(const touchgfx::GestureEvent&)	0	static
Drawable.hpp:490:18:virtual void touchgfx::Drawable::handleDragEvent(const touchgfx::DragEvent&)	0	static
Drawable.hpp:501:18:virtual void touchgfx::Drawable::handleTickEvent()	0	static
Drawable.hpp:588:18:virtual void touchgfx::Drawable::moveTo(int16_t, int16_t)	4	static
Drawable.hpp:703:18:virtual void touchgfx::Drawable::setupDrawChain(const touchgfx::Rect&, touchgfx::Drawable**)	0	static
Widget.hpp:45:18:virtual void touchgfx::Widget::getLastChild(int16_t, int16_t, touchgfx::Drawable**)	0	static
Screen.hpp:93:18:virtual void touchgfx::Screen::setupScreen()	0	static
Screen.hpp:104:18:virtual void touchgfx::Screen::afterTransition()	0	static
Screen.hpp:115:18:virtual void touchgfx::Screen::tearDownScreen()	0	static
Screen.hpp:144:18:virtual void touchgfx::Screen::handleTickEvent()	0	static
Screen.hpp:154:18:virtual void touchgfx::Screen::handleKeyEvent(uint8_t)	0	static
Image.hpp:118:18:virtual void touchgfx::Image::invalidateContent() const	8	static
TypedText.hpp:65:13:touchgfx::TypedText::~TypedText()	0	static
TextArea.hpp:48:18:virtual void touchgfx::TextArea::setWidth(int16_t)	32	static
TextArea.hpp:54:18:virtual void touchgfx::TextArea::setHeight(int16_t)	32	static
TextArea.hpp:60:18:virtual touchgfx::Rect touchgfx::TextArea::getSolidRect() const	0	static
TextArea.hpp:89:18:virtual void touchgfx::TextArea::setAlpha(uint8_t)	0	static
TextArea.hpp:127:18:virtual void touchgfx::TextArea::setXBaselineY(int16_t, int16_t)	16	static
TextArea.hpp:403:41:virtual const UnicodeChar* touchgfx::TextArea::getWildcard2() const	0	static
TextAreaWithWildcard.hpp:43:18:virtual void touchgfx::TextAreaWithWildcardBase::invalidateContent() const	8	static
TextAreaWithWildcard.hpp:84:41:virtual const UnicodeChar* touchgfx::TextAreaWithOneWildcard::getWildcard1() const	0	static
MainScreenViewBase.hpp:28:18:virtual void MainScreenViewBase::scrollWheelUpdateItem(MenuElement&, int16_t)	0	static
MainScreenViewBase.hpp:42:18:virtual void MainScreenViewBase::makeTheCoffee()	0	static
View.hpp:36:7:touchgfx::View<MainScreenPresenter>::~View()	0	static
DrawableList.hpp:101:21:int16_t touchgfx::DrawableListItems<TYPE, SIZE>::getNumberOfDrawables() [with TYPE = MenuElement; int SIZE = 2]	0	static
Callback.hpp:357:8:touchgfx::Callback<MainScreenViewBase, const touchgfx::AbstractButton&>::~Callback()	0	static
Callback.hpp:290:8:touchgfx::Callback<MainScreenViewBase, const touchgfx::Slider&, int>::~Callback()	0	static
Callback.hpp:218:8:touchgfx::Callback<MainScreenViewBase, touchgfx::DrawableListItemsInterface*, short int, short int>::~Callback()	0	static
DrawableList.hpp:79:7:touchgfx::DrawableListItems<MenuElement, 2>::~DrawableListItems()	16	static
MainScreenViewBase.cpp:127:1:MainScreenViewBase::~MainScreenViewBase()	8	static
ClickListener.hpp:33:7:touchgfx::ClickListener<touchgfx::Image>::~ClickListener()	0	static
TextAreaWithWildcard.hpp:62:7:touchgfx::TextAreaWithOneWildcard::~TextAreaWithOneWildcard()	0	static
Callback.hpp:386:18:void touchgfx::Callback<dest_type, T1, void, void>::execute(T1) [with dest_type = MainScreenViewBase; T1 = const touchgfx::AbstractButton&]	8	static
Callback.hpp:396:18:bool touchgfx::Callback<dest_type, T1, void, void>::isValid() const [with dest_type = MainScreenViewBase; T1 = const touchgfx::AbstractButton&]	0	static
Callback.hpp:318:18:void touchgfx::Callback<dest_type, T1, T2, void>::execute(T1, T2) [with dest_type = MainScreenViewBase; T1 = const touchgfx::Slider&; T2 = int]	12	static
Callback.hpp:328:18:bool touchgfx::Callback<dest_type, T1, T2, void>::isValid() const [with dest_type = MainScreenViewBase; T1 = const touchgfx::Slider&; T2 = int]	0	static
Callback.hpp:250:18:void touchgfx::Callback<dest_type, T1, T2, T3>::execute(T1, T2, T3) [with dest_type = MainScreenViewBase; T1 = touchgfx::DrawableListItemsInterface*; T2 = short int; T3 = short int]	16	static
Callback.hpp:260:18:bool touchgfx::Callback<dest_type, T1, T2, T3>::isValid() const [with dest_type = MainScreenViewBase; T1 = touchgfx::DrawableListItemsInterface*; T2 = short int; T3 = short int]	0	static
TypedText.hpp:65:13:virtual touchgfx::TypedText::~TypedText()	8	static
View.hpp:36:7:virtual touchgfx::View<MainScreenPresenter>::~View()	8	static
ClickListener.hpp:33:7:virtual touchgfx::ClickListener<touchgfx::Image>::~ClickListener()	8	static
TextAreaWithWildcard.hpp:62:7:virtual touchgfx::TextAreaWithOneWildcard::~TextAreaWithOneWildcard()	8	static
DrawableList.hpp:79:7:virtual touchgfx::DrawableListItems<MenuElement, 2>::~DrawableListItems()	8	static
Callback.hpp:218:8:virtual touchgfx::Callback<MainScreenViewBase, touchgfx::DrawableListItemsInterface*, short int, short int>::~Callback()	8	static
Callback.hpp:290:8:virtual touchgfx::Callback<MainScreenViewBase, const touchgfx::Slider&, int>::~Callback()	8	static
Callback.hpp:357:8:virtual touchgfx::Callback<MainScreenViewBase, const touchgfx::AbstractButton&>::~Callback()	8	static
MainScreenViewBase.cpp:127:1:virtual MainScreenViewBase::~MainScreenViewBase()	8	static
MainScreenViewBase.cpp:141:6:void MainScreenViewBase::sliderValueConfirmedCallbackHandler(const touchgfx::Slider&, int)	16	static
DrawableList.hpp:82:23:touchgfx::Drawable* touchgfx::DrawableListItems<TYPE, SIZE>::getDrawable(int16_t) [with TYPE = MenuElement; int SIZE = 2]	8	static
TextArea.hpp:111:18:virtual void touchgfx::TextArea::setBaselineY(int16_t)	16	static
MainScreenViewBase.cpp:132:6:virtual void MainScreenViewBase::setupScreen()	8	static
MainScreenViewBase.cpp:181:6:virtual void MainScreenViewBase::goToPrepairingScreen()	8	static
MainScreenViewBase.cpp:189:6:virtual void MainScreenViewBase::goToWelcomeScreen()	8	static
MainScreenViewBase.cpp:170:6:void MainScreenViewBase::buttonCallbackHandler(const touchgfx::AbstractButton&)	0	static
MainScreenViewBase.cpp:197:6:void MainScreenViewBase::updateItemCallbackHandler(touchgfx::DrawableListItemsInterface*, int16_t, int16_t)	16	static
ClickListener.hpp:49:18:void touchgfx::ClickListener<T>::handleClickEvent(const touchgfx::ClickEvent&) [with T = touchgfx::Image]	16	static
TextAreaWithWildcard.hpp:49:36:virtual touchgfx::TextArea::BoundingArea touchgfx::TextAreaWithWildcardBase::calculateBoundingArea() const	0	static
Drawable.hpp:48:5:touchgfx::Drawable::Drawable()	0	static
Drawable.hpp:343:10:void touchgfx::Drawable::setXY(int16_t, int16_t)	16	static
Drawable.hpp:233:10:void touchgfx::Drawable::setPosition(int16_t, int16_t, int16_t, int16_t)	16	static
TextArea.hpp:43:5:touchgfx::TextArea::TextArea()	8	static
TextAreaWithWildcard.hpp:65:5:touchgfx::TextAreaWithOneWildcard::TextAreaWithOneWildcard()	8	static
ButtonWithLabel.hpp:132:10:void touchgfx::ButtonWithLabel::updateTextPosition()	24	static
MainScreenViewBase.cpp:9:1:MainScreenViewBase::MainScreenViewBase()	128	static
