Screen.hpp:104:18:virtual void touchgfx::Screen::afterTransition()	0	static
Screen.hpp:154:18:virtual void touchgfx::Screen::handleKeyEvent(uint8_t)	0	static
PrepairingView.cpp:25:6:virtual void PrepairingView::tearDownScreen()	0	static
PrepairingView.hpp:11:13:PrepairingView::~PrepairingView()	8	static
PrepairingView.hpp:11:13:virtual PrepairingView::~PrepairingView()	8	static
PrepairingView.cpp:3:1:PrepairingView::PrepairingView()	8	static
PrepairingView.cpp:8:6:virtual void PrepairingView::setupScreen()	8	static
PrepairingView.cpp:30:6:virtual void PrepairingView::handleTickEvent()	8	static
