Screen.hpp:104:18:virtual void touchgfx::Screen::afterTransition()	0	static
Screen.hpp:144:18:virtual void touchgfx::Screen::handleTickEvent()	0	static
Screen.hpp:154:18:virtual void touchgfx::Screen::handleKeyEvent(uint8_t)	0	static
WelcomeScreenView.cpp:18:6:virtual void WelcomeScreenView::tearDownScreen()	0	static
Callback.hpp:290:8:touchgfx::Callback<WelcomeScreenView, const touchgfx::Image&, const touchgfx::ClickEvent&>::~Callback()	0	static
Callback.hpp:357:8:touchgfx::Callback<WelcomeScreenView, const touchgfx::FadeAnimator<touchgfx::Image>&>::~Callback()	0	static
Callback.hpp:318:18:void touchgfx::Callback<dest_type, T1, T2, void>::execute(T1, T2) [with dest_type = WelcomeScreenView; T1 = const touchgfx::Image&; T2 = const touchgfx::ClickEvent&]	12	static
Callback.hpp:328:18:bool touchgfx::Callback<dest_type, T1, T2, void>::isValid() const [with dest_type = WelcomeScreenView; T1 = const touchgfx::Image&; T2 = const touchgfx::ClickEvent&]	0	static
Callback.hpp:386:18:void touchgfx::Callback<dest_type, T1, void, void>::execute(T1) [with dest_type = WelcomeScreenView; T1 = const touchgfx::FadeAnimator<touchgfx::Image>&]	8	static
Callback.hpp:396:18:bool touchgfx::Callback<dest_type, T1, void, void>::isValid() const [with dest_type = WelcomeScreenView; T1 = const touchgfx::FadeAnimator<touchgfx::Image>&]	0	static
Callback.hpp:357:8:virtual touchgfx::Callback<WelcomeScreenView, const touchgfx::FadeAnimator<touchgfx::Image>&>::~Callback()	8	static
Callback.hpp:290:8:virtual touchgfx::Callback<WelcomeScreenView, const touchgfx::Image&, const touchgfx::ClickEvent&>::~Callback()	8	static
WelcomeScreenView.hpp:11:13:WelcomeScreenView::~WelcomeScreenView()	8	static
WelcomeScreenView.hpp:11:13:virtual WelcomeScreenView::~WelcomeScreenView()	8	static
WelcomeScreenView.cpp:32:6:void WelcomeScreenView::imageClickHandler(const touchgfx::Image&, const touchgfx::ClickEvent&)	0	static
Image.hpp:118:18:virtual void touchgfx::Image::invalidateContent() const	0	static
WelcomeScreenView.cpp:3:1:WelcomeScreenView::WelcomeScreenView()	8	static
WelcomeScreenView.cpp:7:6:virtual void WelcomeScreenView::setupScreen()	16	static
WelcomeScreenView.cpp:23:6:void WelcomeScreenView::logoFadeAnimationEndedHandler(const touchgfx::FadeAnimator<touchgfx::Image>&)	16	static
