Screen.hpp:104:18:virtual void touchgfx::Screen::afterTransition()	0	static
Screen.hpp:154:18:virtual void touchgfx::Screen::handleKeyEvent(uint8_t)	0	static
Screen1View.cpp:15:6:virtual void Screen1View::tearDownScreen()	0	static
Screen1View.cpp:63:6:void Screen1View::imageClickHandler(const touchgfx::Image&, const touchgfx::ClickEvent&)	0	static
Callback.hpp:290:8:touchgfx::Callback<Screen1View, const touchgfx::Image&, const touchgfx::ClickEvent&>::~Callback()	0	static
Callback.hpp:318:18:void touchgfx::Callback<dest_type, T1, T2, void>::execute(T1, T2) [with dest_type = Screen1View; T1 = const touchgfx::Image&; T2 = const touchgfx::ClickEvent&]	12	static
Callback.hpp:328:18:bool touchgfx::Callback<dest_type, T1, T2, void>::isValid() const [with dest_type = Screen1View; T1 = const touchgfx::Image&; T2 = const touchgfx::ClickEvent&]	0	static
Callback.hpp:290:8:virtual touchgfx::Callback<Screen1View, const touchgfx::Image&, const touchgfx::ClickEvent&>::~Callback()	8	static
Screen1View.hpp:11:13:Screen1View::~Screen1View()	8	static
Screen1View.hpp:11:13:virtual Screen1View::~Screen1View()	8	static
Screen1View.cpp:71:6:virtual void Screen1View::handleTickEvent()	8	static
Screen1View.cpp:54:6:virtual void Screen1View::makeTheCoffee()	8	static
Screen1View.cpp:3:1:Screen1View::Screen1View()	8	static
Screen1View.cpp:8:6:virtual void Screen1View::setupScreen()	8	static
MenuElement.hpp:15:10:void MenuElement::setNumber(int16_t, bool)	32	static
Screen1View.cpp:20:6:virtual void Screen1View::scrollWheelUpdateItem(MenuElement&, int16_t)	48	static
